// Jest Snapshot v1, https://goo.gl/fbAQLP

exports[`Pruebas firt app debe hacer match con el snapshot 1`] = `
<div>
  <h1
    data-testid="test-title"
  >
     
    hola soy goku
     
  </h1>
  <p>
    No hay subtítulo
  </p>
  <p>
    No hay subtítulo
  </p>
  <p>
    Fernando Herrera
  </p>
</div>
`;

exports[`Pruebas firt app should macth snapshot 1`] = `
<div>
  <h1
    data-testid="test-title"
  >
     
    hola soy goku
     
  </h1>
  <p>
    No hay subtítulo
  </p>
  <p>
    No hay subtítulo
  </p>
  <p>
    Fernando Herrera
  </p>
</div>
`;
